Starting a Gradle Daemon, 2 busy Daemons could not be reused, use --status for details
> Task :app:compileJava UP-TO-DATE
> Task :app:processResources UP-TO-DATE
> Task :app:classes UP-TO-DATE
> Task :app:compileTestJava UP-TO-DATE
> Task :app:processTestResources UP-TO-DATE
> Task :app:testClasses UP-TO-DATE
> Task :app:test FAILED

[Incubating] Problems report is available at: file:///C:/Users/Administrator/Documents/GitHub/interview-guide/build/reports/problems/problems-report.html

FAILURE: Build failed with an exception.

* What went wrong:
Execution failed for task ':app:test'.
> java.io.IOException: Unable to delete directory 'C:\Users\Administrator\Documents\GitHub\interview-guide\app\build\test-results\test\binary'
    Failed to delete some children. This might happen because a process has files open or has its working directory set in the target directory.
    - C:\Users\Administrator\Documents\GitHub\interview-guide\app\build\test-results\test\binary\output.bin

* Try:
> Run with --stacktrace option to get the stack trace.
> Run with --info or --debug option to get more log output.
> Run with --scan to get full insights.
> Get more help at https://help.gradle.org.

Deprecated Gradle features were used in this build, making it incompatible with Gradle 9.0.

You can use '--warning-mode all' to show the individual deprecation warnings and determine if they come from your own scripts or plugins.

For more on this, please refer to https://docs.gradle.org/8.14/userguide/command_line_interface.html#sec:command_line_warnings in the Gradle documentation.

BUILD FAILED in 7s
5 actionable tasks: 1 executed, 4 up-to-date
